extension/api/bili-api.test.ts(43,15): error TS2339: Property 'length' does not exist on type '{ upList: UP[]; newCount: number; }'.
extension/api/bili-api.test.ts(44,10): error TS7053: Element implicitly has an 'any' type because expression of type '0' can't be used to index type '{ upList: UP[]; newCount: number; }'.
extension/background/service-worker.test.ts(29,5): error TS2322: Type '() => Promise<{ mid: number; name: string; face: string; sign: string; follow_time: number; }[]>' is not assignable to type '(uid: number, options?: ApiRequestOptions, existingUPs?: UP[] | undefined) => Promise<{ upList: UP[]; newCount: number; }>'.
extension/background/service-worker.test.ts(34,10): error TS2345: Argument of type '{ success: boolean; newCount?: number | undefined; }' is not assignable to parameter of type 'boolean'.
extension/background/service-worker.test.ts(43,5): error TS2322: Type '() => Promise<{ mid: number; name: string; face: string; sign: string; follow_time: number; }[]>' is not assignable to type '(uid: number, options?: ApiRequestOptions, existingUPs?: UP[] | undefined) => Promise<{ upList: UP[]; newCount: number; }>'.
extension/background/service-worker.test.ts(48,10): error TS2345: Argument of type '{ success: boolean; newCount?: number | undefined; }' is not assignable to parameter of type 'boolean'.
extension/background/service-worker.test.ts(88,7): error TS2322: Type '() => Promise<never[]>' is not assignable to type '(uid: number, options?: ApiRequestOptions, existingUPs?: UP[] | undefined) => Promise<{ upList: UP[]; newCount: number; }>'.
extension/background/service-worker.test.ts(192,7): error TS2322: Type '() => Promise<never[]>' is not assignable to type '(uid: number, options?: ApiRequestOptions, existingUPs?: UP[] | undefined) => Promise<{ upList: UP[]; newCount: number; }>'.
extension/background/service-worker.ts(136,16): error TS18048: 'chrome.runtime' is possibly 'undefined'.
extension/background/service-worker.ts(136,31): error TS2339: Property 'getURL' does not exist on type 'RuntimeManager'.
